"w"				"+forward"
"UPARROW"		"+forward"
"s"				"+back"
"DOWNARROW"		"+back"
"LEFTARROW"		"+left"
"RIGHTARROW"	"+right"
"a"				"+moveleft"
","				"+moveleft"
"d"				"+moveright"
"."				"+moveright"
"SPACE"			"+jump"
"CTRL"			"+duck"
"TAB"			"+showscores"
"v"				"+moveup"
"'"				"+moveup"
"c"				"+movedown"
"/"				"+movedown"
"PGUP"			"+lookup"
"PGDN"			"+lookdown"
"END"			"centerview"
"ALT"			"+strafe"
"INS"			"+klook"
";"				"+mlook"
"SHIFT"			"+speed"
"MOUSE1"		"+attack"
"ENTER"			"+attack"
"MOUSE2"		"+attack2"
"\\"			"+attack2"
"f"			"impulse 100"
"q"				"+hook"
"e"				"+use"
"r"				"push"
"z"				"drop powerup"
"x"				"drop flag"
"m"				"chooseteam"
"F5"			"snapshot"
"F6"			"save quick"
"F7"			"load quick"
"F10"			"quit prompt"
"PAUSE"			"pause"
"ESCAPE"		"escape"
"~"				"toggleconsole"
"`"				"toggleconsole"
"+"				"sizeup"
"="				"sizeup"
"-"				"sizedown"
"t"				"impulse 201"
"y"				"messagemode"
"u"				"messagemode2"
"k"				"+voicerecord"
